Available commands:

Script

help
history
clearHistory
quit | exit
